[browser] Uncaught Error: Hydration failed because the server rendered text didn't match the client. As a result this tree will be regenerated on the client. This can happen if a SSR-ed Client Component used:

- A server/client branch `if (typeof window !== 'undefined')`.
- Variable input such as `Date.now()` or `Math.random()` which changes each time it's called.
- Date formatting in a user's locale which doesn't match the server.
- External changing data without sending a snapshot of it along with the HTML.
- Invalid HTML tag nesting.

It can also happen if the client has a browser extension installed which messes with the HTML before React loaded.

https://react.dev/link/hydration-mismatch

  ...
    <ErrorBoundary errorComponent={undefined} errorStyles={undefined} errorScripts={undefined}>
      <LoadingBoundary name="/" loading={null}>
        <HTTPAccessFallbackBoundary notFound={{...}} forbidden={undefined} unauthorized={undefined}>
          <HTTPAccessFallbackErrorBoundary pathname="/" notFound={{...}} forbidden={undefined} unauthorized={undefined} ...>
            <RedirectBoundary>
              <RedirectErrorBoundary router={{...}}>
                <InnerLayoutRouter url="/" tree={[...]} params={{}} cacheNode={{rsc:{...}, ...}} segmentPath={[...]} ...>
                  <SegmentViewNode type="page" pagePath="page.js">
                    <SegmentTrieNode>
                    <Home>
                      <main className="min-h-scre...">
                        <Navbar>
                          <header className="sticky top...">
                            <nav className="max-w-7xl ...">
                              <LinkComponent>
                              <div>
                              <div className="hidden md:...">
                                <LinkComponent>
                                <a
+                                 href="#pricing"
-                                 href="/register"
                                  className="px-5 py-2.5 rounded-xl text-sm font-bold bg-gradient-to-r from-emerald-50..."
                                >
+                                 Crear Mi Empresa
                              ...
                        ...
                          <div className="max-w-7xl ...">
                            <div className="grid lg:gr...">
                              <div className="lg:col-spa...">
                                <div>
                                <h1>
                                <p>
                                <div className="flex flex-...">
                                  <a
+                                   href="#pricing"
-                                   href="/register"
                                    className="px-8 py-4 rounded-xl text-base font-extrabold bg-amber-500 hover:bg-amb..."
                                  >
+                                   Prueba Gratis de 14 Días
-                                   Un mes gratis
                                    ...
                                  ...
                                ...
                              ...
                        ...
                  ...
                ...

    at <unknown> (https://react.dev/link/hydration-mismatch)
    at a (<anonymous>)
    at HeroCarousel (src/components/HeroCarousel.jsx:117:110)
    at Home (src\app\page.js:15:7)
  115 |             <h1 className="text-4xl sm:text-5xl lg:text-[3.5rem] font-black text-white tracking-tight leading-[1.05]">
  116 |               Toma el control total de tus{' '}
> 117 |               <span className="text-transparent bg-clip-text bg-gradient-to-r from-emerald-400 to-amber-400">
      |                                                                                                              ^
  118 |                 ventas en calle
  119 |               </span>{' '}
  120 |               y recaudos.
