[browser] Uncaught Error: Hydration failed because the server rendered text didn't match the client. As a result this tree will be regenerated on the client. This can happen if a SSR-ed Client Component used:

- A server/client branch `if (typeof window !== 'undefined')`.
- Variable input such as `Date.now()` or `Math.random()` which changes each time it's called.
- Date formatting in a user's locale which doesn't match the server.
- External changing data without sending a snapshot of it along with the HTML.
- Invalid HTML tag nesting.

It can also happen if the client has a browser extension installed which messes with the HTML before React loaded.

https://react.dev/link/hydration-mismatch

  ...
    <ErrorBoundary errorComponent={undefined} errorStyles={undefined} errorScripts={undefined}>
      <LoadingBoundary name="register/" loading={null}>
        <HTTPAccessFallbackBoundary notFound={undefined} forbidden={undefined} unauthorized={undefined}>
          <RedirectBoundary>
            <RedirectErrorBoundary router={{...}}>
              <InnerLayoutRouter url="/register" tree={[...]} params={{}} cacheNode={{rsc:{...}, ...}} ...>
                <SegmentViewNode type="page" pagePath="register/p...">
                  <SegmentTrieNode>
                  <ClientPageRoot Component={function RegisterPage} serverProvidedParams={{...}}>
                    <RegisterPage params={Promise} searchParams={Promise}>
                      <div className="min-h-scre...">
                        <div className="flex-1 fle...">
                          <div className="w-full max...">
                            <LinkComponent>
                            <div>
                              <h1>
                              <p className="text-sm text-slate-400 mt-1">
+                               14 días gratis • sin tarjeta • cancela cuando quieras
-                               Un mes gratis • sin tarjeta • cancela cuando quieras
                            ...
                        ...
                ...
              ...

    at <unknown> (https://react.dev/link/hydration-mismatch)
    at p (<anonymous>)
    at RegisterPage (src/app/register/page.jsx:49:13)
  47 |           <div>
  48 |             <h1 className="text-2xl font-black text-white tracking-tight">Crea tu empresa</h1>
> 49 |             <p className="text-sm text-slate-400 mt-1">Un mes gratis • sin tarjeta • cancela cuando quieras</p>
     |             ^
  50 |           </div>
  51 |
  52 |           <form onSubmit={onSubmit} className="space-y-4 bg-slate-900 border border-slate-800 rounded-2xl p-6 shadow-xl">
[browser] Uncaught Error: Hydration failed because the server rendered text didn't match the client. As a result this tree will be regenerated on the client. This can happen if a SSR-ed Client Component used:

- A server/client branch `if (typeof window !== 'undefined')`.
- Variable input such as `Date.now()` or `Math.random()` which changes each time it's called.
- Date formatting in a user's locale which doesn't match the server.
- External changing data without sending a snapshot of it along with the HTML.
- Invalid HTML tag nesting.

It can also happen if the client has a browser extension installed which messes with the HTML before React loaded.

https://react.dev/link/hydration-mismatch

  ...
    <ErrorBoundary errorComponent={undefined} errorStyles={undefined} errorScripts={undefined}>
      <LoadingBoundary name="/" loading={null}>
        <HTTPAccessFallbackBoundary notFound={{...}} forbidden={undefined} unauthorized={undefined}>
          <HTTPAccessFallbackErrorBoundary pathname="/" notFound={{...}} forbidden={undefined} unauthorized={undefined} ...>
            <RedirectBoundary>
              <RedirectErrorBoundary router={{...}}>
                <InnerLayoutRouter url="/" tree={[...]} params={{}} cacheNode={{rsc:{...}, ...}} segmentPath={[...]} ...>
                  <SegmentViewNode type="page" pagePath="page.js">
                    <SegmentTrieNode>
                    <Home>
                      <main className="min-h-scre...">
                        <Navbar>
                          <header className="sticky top...">
                            <nav className="max-w-7xl ...">
                              <LinkComponent>
                              <div>
                              <div className="hidden md:...">
                                <LinkComponent>
                                <a
+                                 href="#pricing"
-                                 href="/register"
                                  className="px-5 py-2.5 rounded-xl text-sm font-bold bg-gradient-to-r from-emerald-50..."
                                >
+                                 Crear Mi Empresa
                              ...
                        ...
                          <div className="max-w-7xl ...">
                            <div className="grid lg:gr...">
                              <div className="lg:col-spa...">
                                <div>
                                <h1>
                                <p>
                                <div className="flex flex-...">
                                  <a
+                                   href="#pricing"
-                                   href="/register"
                                    className="px-8 py-4 rounded-xl text-base font-extrabold bg-amber-500 hover:bg-amb..."
                                  >
+                                   Prueba Gratis de 14 Días
-                                   Un mes gratis
                                    ...
                                  ...
                                ...
                              ...
                        ...
                  ...
                ...

    at <unknown> (https://react.dev/link/hydration-mismatch)
    at a (<anonymous>)
    at HeroCarousel (src/components/HeroCarousel.jsx:117:110)
    at Home (src\app\page.js:15:7)
  115 |             <h1 className="text-4xl sm:text-5xl lg:text-[3.5rem] font-black text-white tracking-tight leading-[1.05]">
  116 |               Toma el control total de tus{' '}
> 117 |               <span className="text-transparent bg-clip-text bg-gradient-to-r from-emerald-400 to-amber-400">
      |                                                                                                              ^
  118 |                 ventas en calle
  119 |               </span>{' '}
  120 |               y recaudos.
[browser] Detected `scroll-behavior: smooth` on the `<html>` element. To disable smooth scrolling during route transitions, add `data-scroll-behavior="smooth"` to your <html> element. Learn more: https://nextjs.org/docs/messages/missing-data-scroll-behavior
[browser] Uncaught Error: Hydration failed because the server rendered text didn't match the client. As a result this tree will be regenerated on the client. This can happen if a SSR-ed Client Component used:

- A server/client branch `if (typeof window !== 'undefined')`.
- Variable input such as `Date.now()` or `Math.random()` which changes each time it's called.
- Date formatting in a user's locale which doesn't match the server.
- External changing data without sending a snapshot of it along with the HTML.
- Invalid HTML tag nesting.

It can also happen if the client has a browser extension installed which messes with the HTML before React loaded.

https://react.dev/link/hydration-mismatch

  ...
    <ErrorBoundary errorComponent={undefined} errorStyles={undefined} errorScripts={undefined}>
      <LoadingBoundary name="register/" loading={null}>
        <HTTPAccessFallbackBoundary notFound={undefined} forbidden={undefined} unauthorized={undefined}>
          <RedirectBoundary>
            <RedirectErrorBoundary router={{...}}>
              <InnerLayoutRouter url="/register" tree={[...]} params={{}} cacheNode={{rsc:{...}, ...}} ...>
                <SegmentViewNode type="page" pagePath="register/p...">
                  <SegmentTrieNode>
                  <ClientPageRoot Component={function RegisterPage} serverProvidedParams={{...}}>
                    <RegisterPage params={Promise} searchParams={Promise}>
                      <div className="min-h-scre...">
                        <div className="flex-1 fle...">
                          <div className="w-full max...">
                            <LinkComponent>
                            <div>
                              <h1>
                              <p className="text-sm text-slate-400 mt-1">
+                               14 días gratis • sin tarjeta • cancela cuando quieras
-                               Un mes gratis • sin tarjeta • cancela cuando quieras
                            ...
                        ...
                ...
              ...

    at <unknown> (https://react.dev/link/hydration-mismatch)
    at p (<anonymous>)
    at RegisterPage (src/app/register/page.jsx:49:13)
  47 |           <div>
  48 |             <h1 className="text-2xl font-black text-white tracking-tight">Crea tu empresa</h1>
> 49 |             <p className="text-sm text-slate-400 mt-1">Un mes gratis • sin tarjeta • cancela cuando quieras</p>
     |             ^
  50 |           </div>
  51 |
  52 |           <form onSubmit={onSubmit} className="space-y-4 bg-slate-900 border border-slate-800 rounded-2xl p-6 shadow-xl">
⨯ Error: The default export is not a React Component in "/register/page"
    at ignore-listed frames
⨯ Error: The default export is not a React Component in "/register/page"
    at ignore-listed frames {
  page: '/register'
}
⚠ Fast Refresh had to perform a full reload when ./src/app/register/page.jsx changed. Read more: https://nextjs.org/docs/messages/fast-refresh-reload
⨯ Error: The default export is not a React Component in "/register/page"
    at ignore-listed frames
⨯ Error: The default export is not a React Component in "/register/page"
    at ignore-listed frames {
  page: '/register'
}
⚠ Fast Refresh had to perform a full reload when ./src/app/register/page.jsx changed. Read more: https://nextjs.org/docs/messages/fast-refresh-reload
⨯ Error: The default export is not a React Component in "/register/page"
    at ignore-listed frames
⨯ Error: The default export is not a React Component in "/register/page"
    at ignore-listed frames {
  page: '/register'
}
⨯ Error: The default export is not a React Component in "/register/page"
    at ignore-listed frames
⨯ Error: The default export is not a React Component in "/register/page"
    at ignore-listed frames {
  page: '/register'
}
⨯ Error: The default export is not a React Component in "/register/page"
    at ignore-listed frames
⨯ Error: The default export is not a React Component in "/register/page"
    at ignore-listed frames {
  page: '/register'
}
[browser] Uncaught Error: The default export is not a React Component in "/register/page"
[browser] Uncaught Error: Hydration failed because the server rendered HTML didn't match the client. As a result this tree will be regenerated on the client. This can happen if a SSR-ed Client Component used:

- A server/client branch `if (typeof window !== 'undefined')`.
- Variable input such as `Date.now()` or `Math.random()` which changes each time it's called.
- Date formatting in a user's locale which doesn't match the server.
- External changing data without sending a snapshot of it along with the HTML.
- Invalid HTML tag nesting.

It can also happen if the client has a browser extension installed which messes with the HTML before React loaded.

https://react.dev/link/hydration-mismatch

  ...
    <RenderFromTemplateContext>
      <ScrollAndMaybeFocusHandler cacheNode={{rsc:{...}, ...}}>
        <InnerScrollHandlerNew focusAndScrollRef={{scrollRef:null, ...}} cacheNode={{rsc:{...}, ...}}>
          <ErrorBoundary errorComponent={undefined} errorStyles={undefined} errorScripts={undefined}>
            <LoadingBoundary name="register/" loading={null}>
              <HTTPAccessFallbackBoundary notFound={undefined} forbidden={undefined} unauthorized={undefined}>
                <RedirectBoundary>
                  <RedirectErrorBoundary router={{...}}>
                    <InnerLayoutRouter url="/register" tree={[...]} params={{}} cacheNode={{rsc:{...}, ...}} ...>
                      <SegmentViewNode type="page" pagePath="register/p...">
                        <SegmentTrieNode>
                        <ClientPageRoot Component={function RegisterPage} serverProvidedParams={{...}}>
                          <RegisterPage params={Promise} searchParams={Promise}>
+                           <div className="min-h-screen bg-slate-950 flex">
-                           <Suspense>
                      ...
                    ...
          ...

    at <unknown> (https://react.dev/link/hydration-mismatch)
    at div (<anonymous>)
    at RegisterPage (src/app/register/page.jsx:43:5)
  41 |
  42 |   return (
> 43 |     <div className="min-h-screen bg-slate-950 flex">
     |     ^
  44 |       <div className="flex-1 flex items-center justify-center px-4 sm:px-6 lg:px-8 py-10">
  45 |         <div className="w-full max-w-md space-y-6">
  46 |           <Link href="/" className="inline-flex items-center gap-3">
[browser] Uncaught Error: Hydration failed because the server rendered text didn't match the client. As a result this tree will be regenerated on the client. This can happen if a SSR-ed Client Component used:

- A server/client branch `if (typeof window !== 'undefined')`.
- Variable input such as `Date.now()` or `Math.random()` which changes each time it's called.
- Date formatting in a user's locale which doesn't match the server.
- External changing data without sending a snapshot of it along with the HTML.
- Invalid HTML tag nesting.

It can also happen if the client has a browser extension installed which messes with the HTML before React loaded.

https://react.dev/link/hydration-mismatch

  ...
    <LoadingBoundary name="/" loading={null}>
      <HTTPAccessFallbackBoundary notFound={{...}} forbidden={undefined} unauthorized={undefined}>
        <HTTPAccessFallbackErrorBoundary pathname="/dashboard" notFound={{...}} forbidden={undefined} ...>
          <RedirectBoundary>
            <RedirectErrorBoundary router={{...}}>
              <InnerLayoutRouter url="/dashboard" tree={[...]} params={{}} cacheNode={{rsc:{...}, ...}} ...>
                <SegmentViewNode type="layout" pagePath="dashboard/...">
                  <SegmentTrieNode>
                  <script>
                  <ClientSegmentRoot Component={function DashboardLayout} slots={{children:{...}}} ...>
                    <DashboardLayout params={Promise}>
                      <div className="min-h-scre...">
                        <aside className="hidden lg:...">
                          <div className="h-[64px] f...">
                            <div
+                             className="w-9 h-9 rounded-lg bg-[#2563eb] flex items-center justify-center text-white f..."
-                             className="w-9 h-9 rounded-full bg-amber-500 flex items-center justify-center text-white..."
                            >
+                             CK
-                             E
                            ...
                          ...
                        ...
              ...

    at <unknown> (https://react.dev/link/hydration-mismatch)
    at div (<anonymous>)
    at DashboardLayout (src/app/dashboard/layout.jsx:77:11)
  75 |       <aside className="hidden lg:flex w-[240px] shrink-0 bg-white border-r border-slate-200 flex-col">
  76 |         <div className="h-[64px] flex items-center gap-3 px-4 border-b border-slate-200">
> 77 |           <div className="w-9 h-9 rounded-full bg-amber-500 flex items-center justify-center text-white font-bold text-sm">
     |           ^
  78 |             {(user?.name || 'E').charAt(0).toUpperCase()}
  79 |           </div>
  80 |           <div className="leading-tight min-w-0">
[browser] Detected `scroll-behavior: smooth` on the `<html>` element. To disable smooth scrolling during route transitions, add `data-scroll-behavior="smooth"` to your <html> element. Learn more: https://nextjs.org/docs/messages/missing-data-scroll-behavior
[browser] Detected `scroll-behavior: smooth` on the `<html>` element. To disable smooth scrolling during route transitions, add `data-scroll-behavior="smooth"` to your <html> element. Learn more: https://nextjs.org/docs/messages/missing-data-scroll-behavior
[browser] Uncaught Error: Hydration failed because the server rendered text didn't match the client. As a result this tree will be regenerated on the client. This can happen if a SSR-ed Client Component used:

- A server/client branch `if (typeof window !== 'undefined')`.
- Variable input such as `Date.now()` or `Math.random()` which changes each time it's called.
- Date formatting in a user's locale which doesn't match the server.
- External changing data without sending a snapshot of it along with the HTML.
- Invalid HTML tag nesting.

It can also happen if the client has a browser extension installed which messes with the HTML before React loaded.

https://react.dev/link/hydration-mismatch

  ...
    <LoadingBoundary name="/" loading={null}>
      <HTTPAccessFallbackBoundary notFound={{...}} forbidden={undefined} unauthorized={undefined}>
        <HTTPAccessFallbackErrorBoundary pathname="/dashboard..." notFound={{...}} forbidden={undefined} ...>
          <RedirectBoundary>
            <RedirectErrorBoundary router={{...}}>
              <InnerLayoutRouter url="/dashboard..." tree={[...]} params={{}} cacheNode={{rsc:{...}, ...}} ...>
                <SegmentViewNode type="layout" pagePath="dashboard/...">
                  <SegmentTrieNode>
                  <script>
                  <ClientSegmentRoot Component={function DashboardLayout} slots={{children:{...}}} ...>
                    <DashboardLayout params={Promise}>
                      <div className="min-h-scre...">
                        <aside className="hidden lg:...">
                          <div className="h-[64px] f...">
                            <div
+                             className="w-9 h-9 rounded-lg bg-[#2563eb] flex items-center justify-center text-white f..."
-                             className="w-9 h-9 rounded-full bg-amber-500 flex items-center justify-center text-white..."
                            >
+                             CK
-                             E
                            ...
                          ...
                        ...
              ...

    at <unknown> (https://react.dev/link/hydration-mismatch)
    at div (<anonymous>)
    at DashboardLayout (src/app/dashboard/layout.jsx:77:11)
  75 |       <aside className="hidden lg:flex w-[240px] shrink-0 bg-white border-r border-slate-200 flex-col">
  76 |         <div className="h-[64px] flex items-center gap-3 px-4 border-b border-slate-200">
> 77 |           <div className="w-9 h-9 rounded-full bg-amber-500 flex items-center justify-center text-white font-bold text-sm">
     |           ^
  78 |             {(user?.name || 'E').charAt(0).toUpperCase()}
  79 |           </div>
  80 |           <div className="leading-tight min-w-0">
